{
  "version": "1.5.0",
  "plugins_used": [
    {
      "name": "ArtifactoryDetector"
    },
    {
      "name": "AWSKeyDetector"
    },
    {
      "name": "AzureStorageKeyDetector"
    },
    {
      "name": "Base64HighEntropyString",
      "limit": 4.5
    },
    {
      "name": "BasicAuthDetector"
    },
    {
      "name": "CloudantDetector"
    },
    {
      "name": "DiscordBotTokenDetector"
    },
    {
      "name": "GitHubTokenDetector"
    },
    {
      "name": "GitLabTokenDetector"
    },
    {
      "name": "HexHighEntropyString",
      "limit": 3.0
    },
    {
      "name": "IbmCloudIamDetector"
    },
    {
      "name": "IbmCosHmacDetector"
    },
    {
      "name": "IPPublicDetector"
    },
    {
      "name": "JwtTokenDetector"
    },
    {
      "name": "KeywordDetector",
      "keyword_exclude": ""
    },
    {
      "name": "MailchimpDetector"
    },
    {
      "name": "NpmDetector"
    },
    {
      "name": "OpenAIDetector"
    },
    {
      "name": "PrivateKeyDetector"
    },
    {
      "name": "PypiTokenDetector"
    },
    {
      "name": "SendGridDetector"
    },
    {
      "name": "SlackDetector"
    },
    {
      "name": "SoftlayerDetector"
    },
    {
      "name": "SquareOAuthDetector"
    },
    {
      "name": "StripeDetector"
    },
    {
      "name": "TelegramBotTokenDetector"
    },
    {
      "name": "TwilioKeyDetector"
    }
  ],
  "filters_used": [
    {
      "path": "detect_secrets.filters.allowlist.is_line_allowlisted"
    },
    {
      "path": "detect_secrets.filters.common.is_ignored_due_to_verification_policies",
      "min_level": 2
    },
    {
      "path": "detect_secrets.filters.heuristic.is_indirect_reference"
    },
    {
      "path": "detect_secrets.filters.heuristic.is_likely_id_string"
    },
    {
      "path": "detect_secrets.filters.heuristic.is_lock_file"
    },
    {
      "path": "detect_secrets.filters.heuristic.is_not_alphanumeric_string"
    },
    {
      "path": "detect_secrets.filters.heuristic.is_potential_uuid"
    },
    {
      "path": "detect_secrets.filters.heuristic.is_prefixed_with_dollar_sign"
    },
    {
      "path": "detect_secrets.filters.heuristic.is_sequential_string"
    },
    {
      "path": "detect_secrets.filters.heuristic.is_swagger_file"
    },
    {
      "path": "detect_secrets.filters.heuristic.is_templated_secret"
    }
  ],
  "results": {
    "src/lab_copilot_gateway/mcp_bindings.py": [
      {
        "type": "Hex High Entropy String",
        "filename": "src/lab_copilot_gateway/mcp_bindings.py",
        "hashed_secret": "244f421f896bdcdd2784dccf4eaf7c8dfd5189b5",
        "is_verified": false,
        "line_number": 37
      },
      {
        "type": "Hex High Entropy String",
        "filename": "src/lab_copilot_gateway/mcp_bindings.py",
        "hashed_secret": "0438cad00f10618515af6184c69ad49596ddc4d5",
        "is_verified": false,
        "line_number": 43
      },
      {
        "type": "Hex High Entropy String",
        "filename": "src/lab_copilot_gateway/mcp_bindings.py",
        "hashed_secret": "c300e1bfc73ca06f4e5e4d00c5ad00eed22ab559",
        "is_verified": false,
        "line_number": 49
      }
    ],
    "tests/test_app.py": [
      {
        "type": "Secret Keyword",
        "filename": "tests/test_app.py",
        "hashed_secret": "dd3287174935d95b5d7fbf33c504189e779e3a99",
        "is_verified": false,
        "line_number": 114
      }
    ],
    "tests/test_c14_keycloak_auth.py": [
      {
        "type": "Secret Keyword",
        "filename": "tests/test_c14_keycloak_auth.py",
        "hashed_secret": "9d660362590e1a9600d1a618529a9dc91db5fa08",
        "is_verified": false,
        "line_number": 114
      },
      {
        "type": "Secret Keyword",
        "filename": "tests/test_c14_keycloak_auth.py",
        "hashed_secret": "43ed4c2d8375dfc89e3dc8c917f404b9481d355b",
        "is_verified": false,
        "line_number": 455
      }
    ],
    "tests/test_elabftw.py": [
      {
        "type": "Secret Keyword",
        "filename": "tests/test_elabftw.py",
        "hashed_secret": "50c6f9963f421ed355f61320df5ecefe76902e7f",
        "is_verified": false,
        "line_number": 857
      }
    ],
    "tests/test_mcp_adapter.py": [
      {
        "type": "Hex High Entropy String",
        "filename": "tests/test_mcp_adapter.py",
        "hashed_secret": "244f421f896bdcdd2784dccf4eaf7c8dfd5189b5",
        "is_verified": false,
        "line_number": 1219
      }
    ],
    "tests/test_opencloning_features.py": [
      {
        "type": "AWS Access Key",
        "filename": "tests/test_opencloning_features.py",
        "hashed_secret": "46b493c353834bd6a897a5b97406a4b0b2ef9d7f",
        "is_verified": false,
        "line_number": 48
      }
    ]
  },
  "generated_at": "2026-08-05T13:16:09Z"
}
